success
success
success
success
y//0 x//1 z//1