success
success
success
success
z//1 x//1 y//0